border_size=1
usage=map

Ms          , Ms          , Ms          , Ms^Xm       , Ms^Xm       , Ms^Xm       , Ms^Xm       , Ms^Xm       , Ms^Xm       , Ms^Xm       , Ms^Xm       , Ms^Xm       , Ms^Xm       , Ms^Xm       , Ms^Xm       , Ms^Xm       , Ms^Xm       , Ms^Xm       , Ms^Xm       , Ms^Xm       , Ms^Xm       , Ms^Xm       , Ms^Xm       , Ms^Xm       , Ms^Xm       , Ms^Xm       , Ms^Xm       , Ms^Xm       , Ms          , Ms          , Ww          , Wwr         , Ms          , Ms          , Ms^Xm       , Ms^Xm       , Ms^Xm       , Ms^Xm       , Ms^Xm       , Ms          , Ms          , Ms^Xm       , Ms^Xm       , Ms^Xm       , Ms^Xm       , Ms^Xm       , Ms^Xm       , Ms^Xm       , Ms^Xm       , Ms^Xm       , Ms^Xm       , Ms^Xm       , Ms^Xm       , Ms^Xm       , Ms^Xm       , Ms          , Md          , Md          , Md          , Ms          , Ms          , Ms^Xm       
Ms          , Ms          , Ms          , Ms          , Ms^Xm       , Ms^Xm       , Ms^Xm       , Ms^Xm       , Ms^Xm       , Ms^Xm       , Ms^Xm       , Ms^Xm       , Ms          , Ms^Xm       , Ms          , Ms^Xm       , Ms          , Ms^Xm       , Ms^Xm       , Ms^Xm       , Ha^Fpa      , Ms^Xm       , Ha^Fpa      , Ms^Xm       , Ha^Fpa      , Ms^Xm       , Ms^Xm       , Ms^Xm       , Wwr         , Ww          , Ms          , Ms          , Ms^Xm       , Ms          , Ms^Xm       , Ms          , Ms^Xm       , Ms          , Ms          , Ms^Xm       , Ms          , Ms          , Ms          , Ms          , Ms          , Ms^Xm       , Ms^Xm       , Ms^Xm       , Ms^Xm       , Ms^Xm       , Ms^Xm       , Ms^Xm       , Ms^Xm       , Ms^Xm       , Ms^Xm       , Ms          , Ms          , Md          , Ms          , Ms          , Ms^Xm       , Ms^Xm       
Ms          , Ms          , Ms          , Ms^Xm       , Ms^Xm       , Ms^Xm       , Ms^Xm       , Ms^Xm       , Ms^Xm       , Ms^Xm       , Ms          , Ms          , Ha^Fpa      , Ms          , Ms          , Ms          , Ha^Fpa      , Ms^Xm       , Ha^Fpa      , Ha^Fpa      , Ha^Fma      , Ha^Fma      , Ha^Fma      , Ha^Fpa      , Ha^Fpa      , Ha^Fpa      , Ha^Fpa      , Ww          , Ms^Xm       , Ms^Xm       , Ms^Xm       , Ms^Xm       , Ha          , Ms^Xm       , Ms          , Ms          , Ms          , Ms^Xm       , Ms^Xm       , Ha          , Ms          , Ms          , Ms^Xm       , Ms          , Ms^Xm       , Ms^Xm       , Ms^Xm       , Ms^Xm       , Ms          , Ms^Xm       , Ms          , Ms^Xm       , Ms^Xm       , Ms^Xm       , Ms^Xm       , Ms^Xm       , Ms^Xm       , Ms          , Ms^Xm       , Ms^Xm       , Ms^Xm       , Ms^Xm       
Ms          , Ms          , Ms^Xm       , Ms^Xm       , Ms^Xm       , Ms^Xm       , Ms^Xm       , Ms^Xm       , Ms^Xm       , Ms^Xm       , Ms          , Ms          , Ha^Fpa      , Ha^Fpa      , Ha^Fpa      , Ha^Fpa      , Ha^Fma      , Ha^Fpa      , Ha^Fma      , Ha^Fma      , Ha^Fpa      , Ha^Fpa      , Ha^Fpa      , Ha^Fpa      , Ha^Fpa      , Ha^Fma      , Ha^Fpa      , Ww          , Ha^Fpa      , Ms^Xm       , Ha^Fpa      , Ha          , 3 Ha^Fpa    , Ha          , Ha^Fma      , Ha^Fma      , Ha^Fma      , Ms          , Ms^Xm       , Ms^Xm       , Ms^Xm       , Ms          , Ms^Xm       , Ms^Xm       , Ms^Xm       , Ms^Xm       , Ms          , Ms          , Ms          , Ms          , Ms          , Ms          , Ms^Xm       , Ms^Xm       , Ms^Xm       , Ms^Xm       , Ms^Xm       , Ms^Xm       , Ms^Xm       , Ms^Xm       , Ms^Xm       , Ms^Xm       
Ms^Xm       , Ms^Xm       , Ms^Xm       , Ms^Xm       , Ms^Xm       , Ms^Xm       , Ms^Xm       , Ms^Xm       , Ms^Xm       , Ms^Xm       , Ms          , Ms^Xm       , Ha^Fpa      , Ha^Fpa      , Ha^Fpa      , Ha^Fpa      , Ha^Fpa      , Ha^Fma      , Ha^Fpa      , Ha^Fpa      , Ha^Fpa      , Ha^Fpa      , Ha^Fma      , Ha^Fpa      , Ha^Fpa      , Ha^Fpa      , Ha^Fpa      , Wwf         , Ai          , Ha^Fpa      , Ha^Fpa      , Ha^Fpa      , Ha^Fpa      , Ha^Fpa      , Ha^Fpa      , Ha^Fma      , Ha^Fma      , Ms^Xm       , Ms          , Ms          , Ms          , Ms^Xm       , Ms^Xm       , Ms^Xm       , Ms^Xm       , Ms^Xm       , Ms^Xm       , Ms          , Ms          , Ms          , Ms          , Ms          , Ms^Xm       , Ms^Xm       , Ms          , Ms^Xm       , Ms^Xm       , Ms^Xm       , Ms^Xm       , Ms^Xm       , Ms^Xm       , Ms^Xm       
Ms^Xm       , Ms^Xm       , Ms^Xm       , Ms^Xm       , Ms^Xm       , Ms^Xm       , Ha^Fma      , Ms^Xm       , Ha^Fma      , Ms^Xm       , Ha          , Ha^Fpa      , Ha^Fpa      , Ha^Fpa      , Ha^Fpa      , Ha^Fpa      , Ha^Fpa      , Ha^Fpa      , Ha^Fda      , Ha^Fpa      , Ha^Fda      , Ha^Fda      , Ha^Fda      , Ha^Fma      , Ha^Fda      , Ha^Fda      , Ai          , Wwr         , Ww          , Ha^Fpa      , Ww          , Ha^Fpa      , Ha^Fpa      , Ha^Fma      , Ha^Fma      , Ha^Fpa      , Ha^Fpa      , Ha          , Ha          , Ha          , Ha          , Ms          , Ms          , Ms^Xm       , Ms^Xm       , Ms^Xm       , Ms^Xm       , Ms^Xm       , Ms^Xm       , Ms          , Ms^Xm       , Ms^Xm       , Ms^Xm       , Ms^Xm       , Ms          , Ms^Xm       , Ms^Xm       , Ms^Xm       , Ms          , Ms          , Ms          , Ms^Xm       
Ms^Xm       , Ms^Xm       , Ms^Xm       , Ms^Xm       , Ms^Xm       , Ms^Xm       , Ha^Fma      , Ha^Fma      , Ha^Fma      , Ha          , Ha^Fpa      , Ha^Fpa      , Ha^Fpa      , Ha^Fpa      , Ha^Fma      , Ha^Fma      , Ha^Fda      , Ha^Fda      , Ha^Fma      , Ha^Fda      , Ha^Fda      , Ha^Fma      , Ha^Fda      , Ha^Fda      , Wwr         , Wwr         , Ha^Fma      , Ha^Fda      , Ha^Fda      , Ww          , Ai          , Ww          , Wwr         , Ha^Fpa      , Ha^Fpa      , Ha^Fma      , Ha^Fma      , Ha^Fpa      , Ha^Fpa      , Ha          , Ha          , Ha          , Ha^Fma      , Ms          , Ms^Xm       , Ms^Xm       , Ms^Xm       , Ms^Xm       , Ms^Xm       , Ms^Xm       , Ms^Xm       , Ms^Xm       , Ms^Xm       , Ms          , Ms          , Ms^Xm       , Ms^Xm       , Ms          , Ms          , Ms          , Ms          , Ms^Xm       
Ms^Xm       , Ms^Xm       , Ms^Xm       , Ms^Xm       , Ms^Xm       , Ms^Xm       , Ha^Fma      , Ha^Fma      , Ha^Fpa      , Ha^Fpa      , Ha^Fma      , Ha^Fma      , Ha^Fpa      , Ha^Fpa      , Ha^Fda      , Ha^Fda      , Ha^Fda      , Ha^Fda      , Aa^Fda      , Aa^Fda      , Ai          , Ai          , Wwr         , Wwr         , Aa^Fda      , Ha^Fda      , Ha^Fda      , Ha^Fda      , Ha^Fda      , Ha^Fma      , Ha^Fma      , Ww^Vm       , Ww          , Ha^Fpa      , Ha^Fpa      , Ha^Fpa      , Ha^Fda      , Ha^Fpa      , Ha^Fpa      , Ha^Fma      , Ha^Fma      , Ha^Fma      , Ms          , Ms          , Ms^Xm       , Ms^Xm       , Ms^Xm       , Ms^Xm       , Ms^Xm       , Ms^Xm       , Ms^Xm       , Ms^Xm       , Ms^Xm       , Ms^Xm       , Ms^Xm       , Ms^Xm       , Ms^Xm       , Ms^Xm       , Ms^Xm       , Ms          , Ms          , Ms^Xm       
Ms^Xm       , Ms^Xm       , Ms^Xm       , Ms^Xm       , Ms          , Ms^Xm       , Ha          , Ha^Fpa      , Ha^Fma      , Ha^Fma      , Ha^Fpa      , Ha^Fpa      , Ha^Fpa      , Ha^Fpa      , Ha^Fda      , Ha^Fda      , Ha^Fda      , Ha^Fda      , Aa^Fda      , Aa^Fda      , Ww          , Ww          , Aa^Fda      , Aa^Fda      , Ha^Fda      , Ha^Fda      , Aa^Fda      , Aa^Fda      , Ha^Fda      , Ha^Fda      , Ha^Fda      , Ha^Fma      , Wwr         , Ai          , Ha^Fda      , Ha^Fda      , Ha^Fda      , Ha^Fpa      , Ha^Fpa      , Ha^Fpa      , Ha^Fma      , Ha^Fma      , Ms          , Ms^Xm       , Ms^Xm       , Ms^Xm       , Ms^Xm       , Ms^Xm       , Ms          , Ms^Xm       , Ms^Xm       , Ms^Xm       , Ms^Xm       , Ms^Xm       , Ms^Xm       , Ms^Xm       , Ms^Xm       , Ms^Xm       , Ms^Xm       , Ms          , Ms          , Ms^Xm       
Ms^Xm       , Ms^Xm       , Ms          , Ms          , Ms^Xm       , Ha          , Ha^Fpa      , Ha^Fpa      , Ha^Fpa      , Ha^Fpa      , Ha^Fma      , Ha^Fma      , Ha^Fda      , Ha^Fda      , Ha^Fda      , Ha^Fda      , Ha^Fda      , Aa^Fda      , Aa^Fda      , Wwr         , Aa^Fda      , Aa^Fda      , Aa^Fda      , Aa^Fda      , Aa^Fda      , Aa^Fda      , Aa^Fda      , Aa^Fda      , Aa^Fda      , Aa^Fda      , Ha^Fda      , Ha^Fda      , Ha^Fda      , Ww          , Ww          , Ha^Fda      , Ha^Fda      , Ha^Fpa      , Ha^Fpa      , Ha^Fpa      , Ha          , Ha          , Ha          , Ms          , Ms^Xm       , Ms^Xm       , Ms^Xm       , Ms^Xm       , Ms^Xm       , Ms          , Ms          , Ms          , Ms          , Ms          , Ms          , Ms          , Ms          , Ms^Xm       , Ms^Xm       , Ms^Xm       , Ms^Xm       , Ms^Xm       
Ms^Xm       , Ms^Xm       , Ms          , Ms          , Ms^Xm       , Ha          , Ha^Fpa      , Ha^Fpa      , Ha^Fda      , Ha^Fpa      , Ha^Fda      , Ha^Fda      , Aa^Fda      , Ha^Fda      , Aa^Fda      , Aa^Fda      , Aa^Fda      , Ha^Fda      , Aa^Fda      , Wwf         , Aa          , Aa^Fda      , Aa          , Aa          , Re          , Aa^Fda      , Aa          , Aa^Fda      , Aa^Fda      , Aa^Fda      , Ha^Fda      , Aa^Fda      , Aa^Fda      , Ha^Fda      , Ha^Fda      , Wwr         , Ww          , Ai          , Ai          , Ha^Fpa      , Ha^Fpa      , Ha^Fma      , Ha          , Ms          , Ms          , Ms^Xm       , Ms^Xm       , Ms^Xm       , Ms^Xm       , Ms          , Ms          , Ms          , Ms          , Ms          , Ms          , Ms          , Ms          , Ms^Xm       , Ms^Xm       , Ms^Xm       , Ms^Xm       , Ms^Xm       
Ms^Xm       , Ms^Xm       , Ms^Xm       , Ms          , Ms^Xm       , Ha          , Ha^Fpa      , Ha^Fpa      , Ha^Fpa      , Ha^Fda      , Ha^Fda      , Ha^Fda      , Aa^Fda      , Aa^Fda      , Aa^Fda      , Ha^Fda      , Aa^Fda      , Aa^Fda      , Ww          , Ww          , Gg          , Gll         , Gll         , Re          , Gll         , Re          , Re          , Re          , Re          , Aa^Fda      , Aa^Fda      , Aa^Fda      , Ha^Fda      , Aa^Fda      , Ha^Fda      , Ha^Fda      , Ha^Fda      , Wwr         , Ww          , Ha^Fda      , Ha^Fda      , Ha^Fma      , Ha^Fma      , Ha          , Ms          , Ms^Xm       , Ms^Xm       , Ms^Xm       , Ms^Xm       , Ms^Xm       , Ms^Xm       , Ms^Xm       , Ms^Xm       , Ms          , Ms^Xm       , Ms          , Ms          , Ms^Xm       , Ms^Xm       , Ms^Xm       , Ms^Xm       , Ms^Xm       
Ms^Xm       , Ms^Xm       , Ms^Xm       , Ms          , Ms          , Ha          , Ha^Fpa      , Ha^Fma      , Ha^Fpa      , Ha^Fpa      , Ha^Fda      , Ha^Fda      , Ha^Fda      , Aa^Fda      , Aa^Fda      , Aa^Fda      , Gs          , Gg          , Qxu         , Qxu         , Qxu         , Gg          , Gs          , Gll         , Qxu         , Qxu         , Qxu         , Re          , Re          , Re          , Aa          , Aa^Fda      , Aa^Fda      , Ha^Fda      , Ha^Fda      , Ha^Fda      , Ha^Fda      , Ha^Fpa      , Ww^Vm       , Ww          , Ha^Fpa      , Ha^Fma      , Ha^Fma      , Ha          , Ms          , Ms^Xm       , Ms^Xm       , Ms^Xm       , Ms^Xm       , Ms^Xm       , Ms^Xm       , Ms^Xm       , Ms^Xm       , Ms^Xm       , Ms^Xm       , Ms^Xm       , Ms^Xm       , Ms^Xm       , Ms^Xm       , Ms^Xm       , Ms^Xm       , Ms^Xm       
Ms^Xm       , Ms^Xm       , Ms^Xm       , Ms^Xm       , Ms          , Ha^Fpa      , Ha^Fma      , Ha^Fma      , Ha^Fpa      , Ha^Fpa      , Ha^Fda      , Ha^Fda      , Aa^Fda      , Ha^Fda      , Aa^Fda      , Aa^Fda      , Gll         , Gll         , Qxu         , Xuc         , Qxu         , Gg          , Rp^Vhcr     , Gll         , Qxu         , Xuc         , Qxu         , Re          , Re          , Re          , Rb          , Aa          , Aa^Fda      , Ha^Fda      , Aa^Fda      , Ha^Fpa      , Ha^Fpa      , Ha^Fpa      , Ha^Fpa      , Ww          , Ww          , Ha^Fpa      , Ha          , Ha          , Ha          , Ms          , Ms^Xm       , Ms^Xm       , Ms^Xm       , Ms^Xm       , Ms          , Ms^Xm       , Ms          , Ms^Xm       , Ms          , Ms^Xm       , Ms^Xm       , Ms^Xm       , Ms^Xm       , Ms^Xm       , Ms^Xm       , Ms^Xm       
Ms^Xm       , Ms^Xm       , Ms^Xm       , Ms^Xm       , Ha          , Ha^Fpa      , Ha^Fma      , Ha^Fma      , Ha^Fma      , Ha^Fma      , Ha^Fda      , Ha^Fda      , Aa^Fda      , Ha^Fda      , Aa^Fda      , Aa          , Aa          , Gll         , Gll         , Qxu         , Gs          , Gg          , Gg          , Gll         , Gll         , Qxu         , Gll         , Rb          , Re          , Rb          , Re          , Aa          , Aa^Fda      , Aa^Fda      , Aa^Fda      , Ha^Fda      , Ha^Fda      , Ha^Fma      , Ha^Fpa      , Ha^Fpa      , Ha^Fma      , Wwr         , Ww          , Ha^Fma      , Ha          , Ms          , Ms^Xm       , Ms^Xm       , Ms^Xm       , Ms^Xm       , Ms          , Ms          , Ms          , Ms          , Ms          , Ms^Xm       , Ms^Xm       , Ms^Xm       , Ms^Xm       , Ms^Xm       , Ms^Xm       , Ms^Xm       
Ms^Xm       , Ms^Xm       , Ha          , Ms^Xm       , Ha          , Ha^Fpa      , Ha^Fma      , Ha^Fpa      , Ha^Fpa      , Ha^Fda      , Ha^Fda      , Aa^Fda      , Aa^Fda      , Aa^Fda      , Aa^Fda      , Aa          , Re          , Gll         , Gll         , Gll         , Gll         , Gg          , Gg          , Gg          , Rb          , Rb          , Rb          , Re          , Gll         , Rb          , Re          , Rb          , Aa^Fda      , Aa^Fda      , Aa^Fda      , Ha^Fda      , Ha^Fpa      , Ha^Fda      , Ha^Fpa      , Ha^Fpa      , Ha^Fpa      , Wwf         , Ww          , Ha^Fma      , Ha^Fma      , Ms          , Ms^Xm       , Ms^Xm       , Ms^Xm       , Ms^Xm       , Ms^Xm       , Ms          , Ms          , Ms          , Ms          , Ms^Xm       , Ms^Xm       , Ms^Xm       , Ms^Xm       , Ms^Xm       , Ms          , Ms          
Ms^Xm       , Ms^Xm       , Ms^Xm       , Ha          , Ha          , Ha^Fpa      , Ha^Fma      , Ha^Fpa      , Ha^Fpa      , Ha^Fma      , Ha^Fda      , Ha^Fda      , Ha^Fda      , Aa^Fda      , Aa^Fda      , Re          , Re          , Gll         , Qxu         , Qxu         , Qxu         , Rr^Vd       , Gg          , Rb          , Ql          , Ql          , Ql          , Rb          , Gll         , Re          , Rb          , Rb          , Aa^Fda      , Ha^Fda      , Ha^Fda      , Ha^Fda      , Ha^Fda      , Ha^Fpa      , Ha^Fma      , Ha^Fpa      , Ha^Fpa      , Ai          , Wwr         , Wwf         , Ha^Fma      , Ms^Xm       , Ms^Xm       , Ms^Xm       , Ms^Xm       , Ms^Xm       , Ms^Xm       , Ms^Xm       , Ms^Xm       , Ms          , Ms          , Ms^Xm       , Ms^Xm       , Ms^Xm       , Ms          , Ms          , Ms^Xm       , Ms^Xm       
Ms^Xm       , Ms^Xm       , Ms^Xm       , Ms^Xm       , Ms          , Ha^Fpa      , Ha^Fma      , Ha^Fpa      , Ha^Fpa      , Ha^Fda      , Ha^Fda      , Ha^Fda      , Ha^Fda      , Ha^Fda      , Aa^Fda      , Re          , Re          , Rb          , Qxu         , Xuc         , Qxu         , Gll         , Gll         , Rb          , Ql          , Xuc         , Ql          , Rb          , Gll         , Gll         , Rb          , Aa          , Aa^Fda      , Aa^Fda      , Aa^Fda      , Ha^Fda      , Ha^Fma      , Ha^Fda      , Ha^Fma      , Ha^Fpa      , Ha^Fpa      , Ha^Fpa      , Ww          , Ww          , Ha^Fma      , Ms^Xm       , Ms^Xm       , Ms^Xm       , Ms^Xm       , Ms^Xm       , Ms^Xm       , Ms^Xm       , Ms^Xm       , Ms^Xm       , Ms^Xm       , Ms^Xm       , Ms          , Ms          , Ms^Xm       , Ms^Xm       , Ms^Xm       , Ms^Xm       
Ms^Xm       , Ms^Xm       , Ha          , Ms^Xm       , Ha          , Ha^Fpa      , Ha^Fma      , Ha^Fpa      , Ha^Fpa      , Ha^Fma      , Ha^Fda      , Ha^Fda      , Aa^Fda      , Aa^Fda      , Aa^Fda      , Aa          , Aa          , Rb          , Rb          , Qxu         , Re          , Gll         , Gll         , Rb          , Rb          , Ql          , Re          , Re          , Gll         , Gll         , Gll         , Aa          , Aa^Fda      , Aa^Fda      , Ha^Fda      , Ha^Fda      , Ha^Fda      , Ha^Fma      , Ha^Fpa      , Ha^Fpa      , Ha^Fpa      , Ha^Fpa      , Wwf         , Ha          , Ha^Fma      , Ms^Xm       , Ms^Xm       , Ms^Xm       , Ms^Xm       , Ms^Xm       , Ms^Xm       , Ms^Xm       , Ms^Xm       , Ms^Xm       , Ms          , Ms          , Ms^Xm       , Ms^Xm       , Ms^Xm       , Ms^Xm       , Ms^Xm       , Ms^Xm       
Ms^Xm       , Ms^Xm       , Ms^Xm       , Ha          , Ha          , Ha^Fpa      , Ha^Fpa      , Ha^Fpa      , Ha^Fpa      , Ha^Fma      , Ha^Fda      , Ha^Fda      , Aa^Fda      , Aa^Fda      , Aa^Fda      , Aa^Fda      , Aa^Fda      , Rb          , Rb          , Re          , Rb          , Re          , Re          , Re          , Rb          , Re          , Aa          , Gll         , Gll         , Gs          , Gs          , Aa^Fda      , Aa^Fda      , Ha^Fda      , Ha^Fda      , Ha^Fpa      , Ha^Fpa      , Ha^Fpa      , Ha^Fpa      , Ha^Fpa      , Ha^Fpa      , Ha^Fpa      , Ww          , Ha          , Ms^Xm       , Ms^Xm       , Ms^Xm       , Ms^Xm       , Ms^Xm       , Ms^Xm       , Ms^Xm       , Ms^Xm       , Ms^Xm       , Ms^Xm       , Ms^Xm       , Ms^Xm       , Ms^Xm       , Ms^Xm       , Ms^Xm       , Ms^Xm       , Ms^Xm       , Ms^Xm       
Ms^Xm       , Ms^Xm       , Ms^Xm       , Ms^Xm       , Ha          , Ha          , Ha^Fpa      , Ha^Fma      , Ha^Fpa      , Ha^Fma      , Ha^Fma      , Ha^Fda      , Ha^Fda      , Ha^Fda      , Aa^Fda      , Aa^Fda      , Aa^Fda      , Aa^Fda      , Aa^Fda      , Aa          , Aa^Fda      , Rb          , Aa          , Re          , Aa^Fda      , Aa          , Aa^Fda      , Aa          , Aa^Fda      , Gll         , Re          , Gs          , Re          , Ha^Fda      , Ha^Fma      , Ha^Fma      , Ha^Fpa      , Ha^Fma      , Ha^Fpa      , Ha^Fpa      , Ha^Fpa      , Ha^Fpa      , Ww          , Wwf         , Ms          , Ms^Xm       , Ms^Xm       , Ms^Xm       , Ms^Xm       , Ms          , Ms          , Ms          , Ms          , Ms^Xm       , Ms^Xm       , Ms^Xm       , Ms^Xm       , Ms^Xm       , Ms^Xm       , Ms^Xm       , Ms^Xm       , Ms^Xm       
Ms^Xm       , Ms^Xm       , Ms^Xm       , Ms          , Ms          , Ms          , Ha^Fpa      , Ha^Fpa      , Ha^Fpa      , Ha^Fpa      , Ha^Fpa      , Ha^Fpa      , Ha^Fda      , Ha^Fda      , Ha^Fda      , Aa^Fda      , Aa^Fda      , Aa^Fda      , Ha^Fda      , Aa^Fda      , Ha^Fda      , Aa^Fda      , Aa^Fda      , Aa^Fda      , Aa^Fda      , Aa^Fda      , Ha^Fda      , Aa^Fda      , Ha^Fda      , Aa          , Aa^Voa      , Rb          , Rb          , Ha^Fma      , Ms          , Ha^Fpa      , Ha^Fpa      , Ha^Fpa      , Ha^Fpa      , Ha^Fpa      , Ms^Xm       , Ms^Xm       , Wwr         , Wwf         , Ms          , Ms^Xm       , Ms^Xm       , Ms^Xm       , Ms^Xm       , Ms          , Ms^Xm       , Ms          , Ms          , Ms          , Ms          , Ms^Xm       , Ms^Xm       , Ms^Xm       , Ms^Xm       , Ms^Xm       , Ms^Xm       , Ms^Xm       
Ms^Xm       , Ms^Xm       , Ms^Xm       , Ms^Xm       , Ms^Xm       , Ha          , Ha          , Ha^Fpa      , Ha^Fpa      , Ha^Fpa      , Ha^Fpa      , Ha^Fpa      , Ha^Fpa      , Ha^Fda      , Ha^Fda      , Aa^Fda      , Ha^Fda      , Ha^Fda      , Ha^Fda      , Aa^Fda      , Aa^Fda      , Aa^Fda      , Aa^Fda      , Ha^Fda      , Aa^Fda      , Ha^Fda      , Ha^Fda      , Ha^Fda      , Ha^Fpa      , Ha^Fpa      , Ha^Fpa      , Re          , Re          , Aa          , Ha^Fpa      , Ms          , Ms^Xm       , Ms^Xm       , Ms^Xm       , Ms^Xm       , Ms          , Ms          , Ww          , Ai          , Ms          , Ms^Xm       , Ms^Xm       , Ms^Xm       , Ms^Xm       , Ms          , Ms          , Ms^Xm       , Ms^Xm       , Ms          , Ms^Xm       , Ms^Xm       , Ms^Xm       , Ms^Xm       , Ms^Xm       , Ms^Xm       , Ms^Xm       , Ms^Xm       
Ms^Xm       , Ms^Xm       , Ms^Xm       , Ms^Xm       , Ms^Xm       , Ms^Xm       , Ha          , Ms          , Ha^Fpa      , Ha^Fma      , Ha^Fma      , Ha^Fpa      , Ha^Fpa      , Ha^Fpa      , Ha^Fda      , Ha^Fda      , Ha^Fda      , Ha^Fda      , Ha^Fda      , Aa^Fda      , Ha^Fda      , Aa^Fda      , Aa^Fda      , Aa^Fda      , Ha^Fda      , Ha^Fda      , Ha^Fda      , Ha^Fda      , Ha^Fpa      , Ha^Fpa      , Ms          , Ha^Fpa      , Ha^Fpa      , Rb          , Gll         , Ha^Fpa      , Ha^Fpa      , Ms          , Ha          , Ha          , Ms          , Ms          , Ww          , Ai          , Ha          , Ms^Xm       , Ms          , Ms^Xm       , Ms^Xm       , Ms^Xm       , Ms^Xm       , Ms          , Ms          , Ms          , Ms^Xm       , Ms^Xm       , Ms^Xm       , Ms^Xm       , Ms^Xm       , Ms^Xm       , Ms^Xm       , Ms^Xm       
Ms^Xm       , Ms^Xm       , Ms^Xm       , Ms^Xm       , Ms^Xm       , Ms^Xm       , Ms          , Ms          , Ms          , Ha^Fpa      , Ha^Fpa      , Ha^Fma      , Ha^Fpa      , Ha^Fpa      , Ha^Fpa      , Ha^Fda      , Ha^Fma      , Ha^Fda      , Ha^Fda      , Ha^Fda      , Ha^Fda      , Ha^Fda      , Ha^Fda      , Ha^Fda      , Ha^Fda      , Ha^Fda      , Ha^Fda      , Ha^Fda      , Ha^Fpa      , Ha^Fma      , Ha^Fpa      , Ms          , Ms          , Aa          , Rb          , Gll         , Rb          , Ha^Fpa      , Re          , Ha          , Ms^Xm       , Ms^Xm       , Ms          , Ww          , Wwr         , Ha          , Ms          , Ms^Xm       , Ms^Xm       , Ms^Xm       , Ms^Xm       , Ms^Xm       , Ms^Xm       , Ms^Xm       , Ms^Xm       , Ms^Xm       , Ms^Xm       , Ms^Xm       , Ms          , Ms          , Ms^Xm       , Ms^Xm       
Ms^Xm       , Ms^Xm       , Ms^Xm       , Ms^Xm       , Ms^Xm       , Ms^Xm       , Ms          , Ha          , Ha          , Ha          , Ha^Fpa      , Ha^Fma      , Ha^Fpa      , Ha^Fpa      , Ha^Fpa      , Ha^Fpa      , Ha^Fpa      , Ha^Fpa      , Ha^Fpa      , Ha^Fda      , Ha^Fpa      , Ha^Fda      , Ha^Fda      , Ha^Fda      , Ha^Fma      , Ha^Fda      , Ha^Fpa      , Ha^Fda      , Ha^Fma      , Ha^Fma      , Ha^Fpa      , Ms          , Ms          , Ha          , Ha          , Aa          , Ha          , Rb          , Rb          , Ha^Fpa      , Ha          , Ms^Xm       , Ha          , Wwf         , Ww          , Ha          , Ha          , Ms          , Ms^Xm       , Ms^Xm       , Ms^Xm       , Ms^Xm       , Ms^Xm       , Ms^Xm       , Ms^Xm       , Ms^Xm       , Ms^Xm       , Ms          , Ms^Xm       , Ms^Xm       , Ms^Xm       , Ms^Xm       
Ms^Xm       , Ms^Xm       , Ms^Xm       , Ms^Xm       , Ms^Xm       , Ms^Xm       , Ms          , Ms          , Ms          , Ms          , Ms          , Ha^Fpa      , Ha^Fpa      , Ha^Fma      , Ha^Fma      , Ha^Fpa      , Ha^Fma      , Ha^Fpa      , Ha^Fpa      , Ha^Fma      , Ha^Fpa      , Ha^Fpa      , Ha^Fpa      , Ha^Fma      , Ha^Fpa      , Ha^Fpa      , Ha^Fpa      , Ha^Fpa      , Ha^Fpa      , Ha^Fpa      , Ha^Fpa      , Ha^Fpa      , Ha          , Ms          , Ms          , Ms          , Ha          , Ha          , Aa^Voa      , Rb          , Rb          , Ha          , Ms^Xm       , Ms          , Ms          , Wwr         , Ai          , Ms          , Ha          , Ms^Xm       , Ms^Xm       , Ms^Xm       , Ms          , Ms^Xm       , Ms^Xm       , Ms^Xm       , Ms^Xm       , Ms^Xm       , Ms^Xm       , Ms^Xm       , Ms^Xm       , Ms^Xm       
Ms^Xm       , Ms^Xm       , Ms^Xm       , Ms^Xm       , Ms^Xm       , Ms^Xm       , Ms^Xm       , Ms          , Ms^Xm       , Ms          , Ms^Xm       , Ms          , Ha          , Ha^Fpa      , Ha^Fma      , Ha^Fpa      , Ha^Fpa      , Ha^Fpa      , Ha^Fpa      , Ha^Fpa      , Ha^Fma      , Ha^Fpa      , Ha^Fpa      , Ha^Fpa      , Ha^Fma      , Ha^Fpa      , Ha^Fpa      , Ha^Fpa      , Ha^Fma      , Ha^Fma      , Ha^Fpa      , Ha          , Ms          , Ms^Xm       , Ms^Xm       , Ms          , Ms          , Ha          , Ha          , Aa          , Rb          , Aa^Voa      , Ms^Xm       , Ms^Xm       , Ms          , Ww^Vm       , Wwf         , Ww          , Ha          , Ms^Xm       , Ms^Xm       , Ms^Xm       , Ms          , Ms^Xm       , Ms^Xm       , Ms^Xm       , Ms^Xm       , Ms^Xm       , Ms^Xm       , Ms^Xm       , Ms^Xm       , Ms^Xm       
Ms^Xm       , Ms^Xm       , Ms^Xm       , Ms^Xm       , Ms^Xm       , Ms^Xm       , Ms^Xm       , Ms^Xm       , Ms^Xm       , Ms^Xm       , Ms^Xm       , Ms^Xm       , Ms          , Ha          , Ha^Fma      , Ha^Fpa      , 4 Ha^Fma    , Ha^Fma      , Ha^Fpa      , Ha^Fma      , Ha^Fpa      , Ha^Fma      , Ha^Fma      , Ha^Fma      , Ha^Fpa      , Ha^Fpa      , Ha^Fpa      , Ha^Fpa      , Ha^Fpa      , Ha^Fpa      , Ha          , Ha          , Ms          , Ms^Xm       , Ms^Xm       , Ms^Xm       , Ms^Xm       , Ms          , Ha          , Aa          , Rb          , Aa          , Ha^Fpa      , Ms^Xm       , Ms^Xm       , Ms          , Ha          , Ai          , Ha          , Ms^Xm       , Ms^Xm       , Ms          , Ms^Xm       , Ms^Xm       , Ms^Xm       , Ms^Xm       , Ms          , Ms          , Ms          , Ms^Xm       , Ms^Xm       , Ms^Xm       
Ms^Xm       , Ms^Xm       , Ms^Xm       , Ms^Xm       , Ms^Xm       , Ms^Xm       , Ms^Xm       , Ms^Xm       , Ms^Xm       , Ms^Xm       , Ms^Xm       , Ms^Xm       , Ms          , Ha          , Ha^Fma      , Ha^Fma      , Ha^Fma      , Ha^Fma      , Ha          , Ha^Fpa      , Ms          , Ha^Fpa      , Ha^Fpa      , Ha^Fpa      , Ha^Fpa      , Ha^Fpa      , Ha^Fpa      , Ha^Fpa      , Ha^Fpa      , Ha^Fpa      , Ms^Xm       , Ms          , Ms^Xm       , Ms^Xm       , Ms^Xm       , Ms^Xm       , Ms^Xm       , Ha          , Ms^Xm       , Ha          , Aa          , Re          , Aa          , Ha^Fma      , Ms^Xm       , Ms          , Ww          , Wwr         , Ms          , Ms          , Ms^Xm       , Ms^Xm       , Ms^Xm       , Ms^Xm       , Ms^Xm       , Ms          , Ms          , Ms          , Ms          , Ms          , Ms^Xm       , Ms^Xm       
Ms^Xm       , Ms^Xm       , Ms^Xm       , Ms^Xm       , Ms^Xm       , Ms^Xm       , Ms^Xm       , Ms^Xm       , Ms^Xm       , Ms^Xm       , Ms^Xm       , Ms^Xm       , Ms^Xm       , Ms          , Ha^Fma      , Ha^Fpa      , Ha^Fpa      , Ha^Fma      , Ms^Xm       , Ms          , Ms          , Ms          , Ms          , Ms          , Ms          , Ha^Fpa      , Ha^Fpa      , Ha^Fpa      , Ms^Xm       , Ha^Fpa      , Ms^Xm       , Ms^Xm       , Ms          , Ms^Xm       , Ms          , Ms^Xm       , Ms^Xm       , Ms^Xm       , Ms          , Ms          , Ha          , Rb          , Rb          , Ha          , Ha          , Ha          , Ww          , Ha          , Ha^Vhca     , Ms          , Cha         , Ms^Xm       , Ms^Xm       , Ms^Xm       , Ms^Xm       , Ms^Xm       , Ms          , Ms          , Ms          , Ms^Xm       , Ms^Xm       , Ms^Xm       
Ms^Xm       , Ms^Xm       , Ms^Xm       , Ms^Xm       , Ms^Xm       , Ms^Xm       , Ms^Xm       , Ms^Xm       , Ms^Xm       , Ms^Xm       , Ms^Xm       , Ms^Xm       , Ms^Xm       , Ms^Xm       , Ms^Xm       , Ms^Xm       , Ms^Xm       , Ms^Xm       , Ms^Xm       , Ms          , Ms^Xm       , Ms          , Ms^Xm       , Ms^Xm       , Ms^Xm       , Ms^Xm       , Ms^Xm       , Ms^Xm       , Ms^Xm       , Ms^Xm       , Ms^Xm       , Ms^Xm       , Ms^Xm       , Ms          , Ms          , Ms^Xm       , Ms^Xm       , Ms^Xm       , Ms          , Ms          , Ha          , Aa          , Rb          , Aa          , Ha          , Ms^Xm       , Ms^Xm       , Wwf         , Wwf         , Cha         , 2 Kha       , Ms          , Ms^Xm       , Ms^Xm       , Ms^Xm       , Ms^Xm       , Ms^Xm       , Ms^Xm       , Ms^Xm       , Ms^Xm       , Ms^Xm       , Ms^Xm       
Ms^Xm       , Ms^Xm       , Ms^Xm       , Ms^Xm       , Ms^Xm       , Ms^Xm       , Ms^Xm       , Ms^Xm       , Ms^Xm       , Ms^Xm       , Ms^Xm       , Ms^Xm       , Ms^Xm       , Ms^Xm       , Ms^Xm       , Ms^Xm       , Ms^Xm       , Ms^Xm       , Ms^Xm       , Ms^Xm       , Ms^Xm       , Ms^Xm       , Ms^Xm       , Ms^Xm       , Ms^Xm       , Ms^Xm       , Ms^Xm       , Ms^Xm       , Ms^Xm       , Ms          , Ms          , Ms^Xm       , Ms^Xm       , Ms^Xm       , Ms          , Ms^Xm       , Ms^Xm       , Ms^Xm       , Ms          , Ha          , Ha          , Ha^Fpa      , Rb          , Aa          , Ha          , Ms^Xm       , Ms^Xm       , Ha          , Wwr         , Ww          , Ms          , Ms          , Ms^Xm       , Ms^Xm       , Ms^Xm       , Ms^Xm       , Ms^Xm       , Ms^Xm       , Ms^Xm       , Ms^Xm       , Ms^Xm       , Ms^Xm       
Ms^Xm       , Ms^Xm       , Ms^Xm       , Ms^Xm       , Ms^Xm       , Ms^Xm       , Ms^Xm       , Ms^Xm       , Ms^Xm       , Ms^Xm       , Ms^Xm       , Ms^Xm       , Ms^Xm       , Ms^Xm       , Ms^Xm       , Ms^Xm       , Ms^Xm       , Ms^Xm       , Ms^Xm       , Ms^Xm       , Ms^Xm       , Ms^Xm       , Ms^Xm       , Ms^Xm       , Ms^Xm       , Ms^Xm       , Ms^Xm       , Ms^Xm       , Ms^Xm       , Ms          , Ms          , Ms          , Ms          , Ms          , Ms          , Ms          , Ms^Xm       , Ms^Xm       , Ms^Xm       , Ms          , Ms          , Ha          , Re          , Re          , Ha          , Ha          , Wwr         , Wwf         , Ms          , Ms          , Ms^Xm       , Ms^Xm       , Ms^Xm       , Ms^Xm       , Ms^Xm       , Ms^Xm       , Ms^Xm       , Ms^Xm       , Ms^Xm       , Ms^Xm       , Ms^Xm       , Ms^Xm       
Ms^Xm       , Ms^Xm       , Ms^Xm       , Ms^Xm       , Ms^Xm       , Ms^Xm       , Ms^Xm       , Ms^Xm       , Ms^Xm       , Ms^Xm       , Ms^Xm       , Ms^Xm       , Ms^Xm       , Ms^Xm       , Ms^Xm       , Ms^Xm       , Ms^Xm       , Ms^Xm       , Ms^Xm       , Ms^Xm       , Ms^Xm       , Ms^Xm       , Ms^Xm       , Ms^Xm       , Ms^Xm       , Ms^Xm       , Ms^Xm       , Ms^Xm       , Ms^Xm       , Ms^Xm       , Ms          , Ms          , Ms          , Ms          , Ms          , Ms          , Ms^Xm       , Ms^Xm       , Ms^Xm       , Ms          , Ha          , Ha^Fpa      , Aa          , Rb          , Rb          , Ms^Xm       , Wwr         , Ww          , Ms          , Ms^Xm       , Ms^Xm       , Ms          , Ms^Xm       , Ms^Xm       , Ms^Xm       , Ms^Xm       , Ms^Xm       , Ms^Xm       , Ms^Xm       , Ms^Xm       , Ms^Xm       , Ms^Xm       
Ms^Xm       , Ms^Xm       , Ms^Xm       , Ms^Xm       , Ms^Xm       , Ms^Xm       , Ms^Xm       , Ms^Xm       , Ms^Xm       , Ms^Xm       , Ms^Xm       , Ms^Xm       , Ms^Xm       , Ms^Xm       , Ms^Xm       , Ms^Xm       , Ms^Xm       , Ms^Xm       , Ms^Xm       , Ms^Xm       , Ms^Xm       , Ms^Xm       , Ms^Xm       , Ms^Xm       , Ms^Xm       , Ms^Xm       , Ms^Xm       , Ms^Xm       , Ms^Xm       , Ms^Xm       , Ms^Xm       , Ms^Xm       , Ms          , Ms          , Ms^Xm       , Ms^Xm       , Ms^Xm       , Ms^Xm       , Ms^Xm       , Ms          , Ha          , Ha^Fpa      , Aa^Voa      , Re          , Rb          , Ha^Fma      , Wwf         , Ww          , Ww          , Ms          , Ms          , Ms          , Ms          , Ms^Xm       , Ms          , Ms^Xm       , Ms^Xm       , Ms^Xm       , Ms^Xm       , Ms^Xm       , Ms^Xm       , Ms^Xm       
Ms^Xm       , Ms^Xm       , Ms^Xm       , Ms^Xm       , Ms^Xm       , Ms^Xm       , Ms^Xm       , Ms^Xm       , Ms^Xm       , Ms^Xm       , Ms^Xm       , Ms^Xm       , Ms^Xm       , Ms^Xm       , Ms^Xm       , Ms^Xm       , Ms^Xm       , Ms^Xm       , Mm          , Ms^Xm       , Ms^Xm       , Ms^Xm       , Ms^Xm       , Ms^Xm       , Ms^Xm       , Ms^Xm       , Ms^Xm       , Ms^Xm       , Ms^Xm       , Ms^Xm       , Ms^Xm       , Ms^Xm       , Ms          , Ms          , Ms^Xm       , Ms^Xm       , Ms^Xm       , Ms^Xm       , Ms^Xm       , Ms          , Ms          , Ha          , Ha          , Re          , Re          , Rb          , Rb          , Wwf         , Ms          , Wwr         , Ww          , Wwf         , Wwf         , Ha          , Ms          , Ms^Xm       , Ms^Xm       , Ms^Xm       , Ms^Xm       , Ms^Xm       , Ms^Xm       , Ms^Xm       
Ms^Xm       , Ms^Xm       , Ms^Xm       , Ms^Xm       , Ms^Xm       , Ms^Xm       , Ms^Xm       , Ms^Xm       , Ms^Xm       , Ms^Xm       , Ms^Xm       , Ms^Xm       , Ms^Xm       , Ms^Xm       , Ms^Xm       , Ms^Xm       , Mm          , Mm          , Mm          , Mm          , Ms^Xm       , Ms^Xm       , Ms^Xm       , Ms^Xm       , Ms^Xm       , Ms^Xm       , Ms^Xm       , Ms^Xm       , Ms^Xm       , Ms^Xm       , Ms^Xm       , Ms^Xm       , Ms          , Ms          , Ms^Xm       , Ms^Xm       , Ms^Xm       , Ms^Xm       , Ms^Xm       , Ms^Xm       , Ms          , Ms          , Ms^Xm       , Ha          , Ha          , Re          , Rb          , Ha^Fma      , Ms^Xm       , Ms          , Ha          , Wwr         , Ww          , Ha          , Ha          , Ms          , Ms          , Ms^Xm       , Ms^Xm       , Ms^Xm       , Ms^Xm       , Ms^Xm       
Ms^Xm       , Ms^Xm       , Ms^Xm       , Ms^Xm       , Ms^Xm       , Ms^Xm       , Ms^Xm       , Ms^Xm       , Ms^Xm       , Ms^Xm       , Ms^Xm       , Ms^Xm       , Ms^Xm       , Ms^Xm       , Ms^Xm       , Ms^Xm       , Mm          , Mm          , Mm          , Mm          , Ms^Xm       , Ms^Xm       , Ms^Xm       , Ms^Xm       , Ms^Xm       , Ms^Xm       , Ms^Xm       , Ms^Xm       , Ms^Xm       , Ms^Xm       , Ms^Xm       , Ms^Xm       , Ms          , Ms          , Ms^Xm       , Ms^Xm       , Ms^Xm       , Ms^Xm       , Ms^Xm       , Ms^Xm       , Ms          , Ms          , Ms          , Ha          , Ha          , Rb          , Aa          , Aa^Voa      , Ms^Xm       , Ms^Xm       , Ha          , Wwf         , Wwr         , Wwf         , Ww^Vm       , Ha          , Ha          , Ms          , Ms^Xm       , Ms^Xm       , Ms^Xm       , Ms^Xm       
Ms^Xm       , Ms^Xm       , Ms^Xm       , Ms^Xm       , Ms^Xm       , Ms^Xm       , Ms^Xm       , Ms^Xm       , Ms^Xm       , Ms^Xm       , Ms^Xm       , Ms^Xm       , Ms^Xm       , Ms^Xm       , Ms^Xm       , Ms^Xm       , Ms^Xm       , Mm          , Mm          , Mm          , Ms^Xm       , Ms^Xm       , Ms^Xm       , Ms^Xm       , Ms^Xm       , Ms^Xm       , Ms^Xm       , Ms^Xm       , Ms^Xm       , Ms^Xm       , Ms          , Ms          , Ms^Xm       , Ms          , Ms          , Ms^Xm       , Ms^Xm       , Ms^Xm       , Ms^Xm       , Ms^Xm       , Ms          , Ms          , Ms          , Ms^Xm       , Re          , Rb          , Aa          , Ha^Fma      , Ms^Xm       , Ms^Xm       , Ms^Xm       , Ha          , Ai          , Ww          , Wo          , Wwr         , Ha          , Ms          , Ms          , Ms^Xm       , Ms^Xm       , Ms^Xm       
Ms^Xm       , Ms^Xm       , Ms^Xm       , Ms^Xm       , Ms^Xm       , Ms^Xm       , Ms^Xm       , Ms^Xm       , Ms^Xm       , Ms^Xm       , Ms^Xm       , Ms^Xm       , Ms^Xm       , Ms^Xm       , Ms^Xm       , Ms^Xm       , Ms^Xm       , Ms^Xm       , Ms^Xm       , Ms^Xm       , Ms^Xm       , Ms^Xm       , Ms^Xm       , Ms^Xm       , Ms^Xm       , Ms^Xm       , Ms^Xm       , Ms^Xm       , Ms^Xm       , Ms^Xm       , Ms          , Ms          , Ms          , Ms          , Ms          , Ms^Xm       , Ms^Xm       , Ms^Xm       , Ms^Xm       , Ms          , Ms          , Ms          , Ha^Fpa      , Ha^Fpa      , Rb          , Rb          , Aa^Vca      , Ha^Fma      , Ms^Xm       , Ms^Xm       , Ms^Xm       , Ha          , Ha          , Ai          , Ha          , Ww          , Wwr         , Ha          , Ms          , Ms^Xm       , Ms^Xm       , Ms^Xm       
Ms^Xm       , Ms^Xm       , Ms^Xm       , Ms^Xm       , Ms^Xm       , Ms^Xm       , Ms^Xm       , Ms^Xm       , Ms^Xm       , Ms^Xm       , Ms^Xm       , Ms^Xm       , Ms^Xm       , Ms^Xm       , Ms^Xm       , Ms^Xm       , Ms^Xm       , Ms^Xm       , Ms^Xm       , Ms^Xm       , Ms          , Ms^Xm       , Ms^Xm       , Ms^Xm       , Ms^Xm       , Ms^Xm       , Ms^Xm       , Ms^Xm       , Ms^Xm       , Ms^Xm       , Ms^Xm       , Ms          , Ms          , Ms          , Ms^Xm       , Ms^Xm       , Ms^Xm       , Ms^Xm       , Ms^Xm       , Ms          , Ha^Fma      , Ha          , Rb          , Rb          , Re          , Re          , Ms          , Ms^Xm       , Ms^Xm       , Ms^Xm       , Ms^Xm       , Ms^Xm       , Ms^Xm       , Ha          , Ms^Xm       , Ms^Xm       , Ms          , Ww          , Ww          , Ha          , Ha          , Ms^Xm       
Ms^Xm       , Ms^Xm       , Ms^Xm       , Ms^Xm       , Ms^Xm       , Ms^Xm       , Ms^Xm       , Ms^Xm       , Ms^Xm       , Ms^Xm       , Ms^Xm       , Ms^Xm       , Ms^Xm       , Ms^Xm       , Ms^Xm       , Ms^Xm       , Ms^Xm       , Ms^Xm       , Ms^Xm       , Ms^Xm       , Ms^Xm       , Ms          , Ms          , Ms          , Ms          , Ms^Xm       , Ms^Xm       , Ms^Xm       , Ms^Xm       , Ms^Xm       , Ms^Xm       , Ms^Xm       , Ms^Xm       , Ms^Xm       , Ms^Xm       , Ms^Xm       , Ms^Xm       , Ms^Xm       , Ms          , Ms          , Ha^Fpa      , Aa^Vca      , Rb          , Re          , Ha          , Ha          , Ms          , Ms^Xm       , Ms^Xm       , Ms^Xm       , Ms^Xm       , Ms^Xm       , Ms^Xm       , Ms^Xm       , Ms          , Ms          , Ha^Vhha     , Ha          , Wwf         , Ai          , Ms^Xm       , Ms^Xm       
Ms^Xm       , Ms^Xm       , Md          , Md          , Md          , Ms^Xm       , Md          , Ms^Xm       , Ms^Xm       , Ms^Xm       , Ms^Xm       , Ms^Xm       , Ms^Xm       , Ms^Xm       , Ms^Xm       , Ms^Xm       , Ms^Xm       , Ms^Xm       , Ms^Xm       , Ms^Xm       , Ms^Xm       , Ms^Xm       , Ms^Xm       , Ms          , Ms^Xm       , Ms          , Ms          , Ms          , Ms          , Ms^Xm       , Ms^Xm       , Ms^Xm       , Ms^Xm       , Ms^Xm       , Ms^Xm       , Ms^Xm       , Ms^Xm       , Ms          , Ms          , Ms          , Ha^Fpa      , Re          , Rb          , Ha          , Ms          , Ms          , Ms          , Ms^Xm       , Ms          , Ms          , Ms          , Ms^Xm       , Ms          , Ms          , Ha          , Ha          , 1 Kea       , Gll         , Ai          , Wwf         , Ww          , Ms^Xm       
Ms^Xm       , Md          , Md          , Md          , Md          , Md          , Md          , Md          , Ms^Xm       , Ms^Xm       , Ms^Xm       , Ms^Xm       , Ms^Xm       , Ms^Xm       , Ms^Xm       , Ms^Xm       , Ms^Xm       , Ms^Xm       , Ms^Xm       , Ms^Xm       , Ms^Xm       , Ms^Xm       , Ms^Xm       , Ms^Xm       , Ms^Xm       , Ms^Xm       , Ms^Xm       , Ms          , Ms^Xm       , Ms^Xm       , Ms^Xm       , Ms^Xm       , Ms^Xm       , Ms^Xm       , Ms^Xm       , Ms^Xm       , Ms^Xm       , Ms          , Ms          , Ms          , Ha^Fma      , Re          , Rb          , Ha          , Ha          , Ms          , Ms          , Ms          , Ha          , Ha          , Ha          , Ms^Xm       , Ms          , Ha          , Aa          , Cea         , Cea         , Cea         , Aa          , Ha          , Ms^Xm       , Wwr         
Ms^Xm       , Ms^Xm       , Md          , Md          , Md          , Md          , Md          , Md          , Md          , Ms^Xm       , Ms^Xm       , Ms^Xm       , Ms^Xm       , Ms^Xm       , Ms^Xm       , Ms^Xm       , Ms^Xm       , Ms^Xm       , Ms^Xm       , Ms^Xm       , Ms          , Ms^Xm       , Ms          , Ms^Xm       , Ms^Xm       , Ms^Xm       , Ms^Xm       , Ms^Xm       , Ms^Xm       , Ms^Xm       , Ms^Xm       , Ms^Xm       , Ms          , Ms^Xm       , Ms^Xm       , Ms^Xm       , Ms^Xm       , Ms^Xm       , Ms^Xm       , Ms          , Ha^Fma      , Aa^Vha      , Aa          , Rb          , Rb          , Ha          , Ms          , Ms          , Ha^Fma      , Ha^Fma      , Ha          , Ms^Xm       , Ms          , Ha          , Aa          , Cea         , Cea         , Cea         , Aa          , Ha          , Ms          , Ms^Xm       
Ms^Xm       , Md          , Md          , Md          , Md          , Md          , Md          , Md          , Md          , Md          , Ms^Xm       , Ms^Xm       , Ms^Xm       , Ms^Xm       , Ms^Xm       , Ms^Xm       , Ms          , Ms          , Ms          , Ms          , Ms^Xm       , Ms          , Ms^Xm       , Ms          , Ms          , Ms^Xm       , Ms^Xm       , Ms^Xm       , Ms^Xm       , Ms^Xm       , Ms^Xm       , Ms^Xm       , Ms          , Ms^Xm       , Ms^Xm       , Ms^Xm       , Ms^Xm       , Ms^Xm       , Ms^Xm       , Ms          , Ha          , Ha          , Ha          , Re          , Rb          , Ha^Fma      , Re          , Ha          , Ha^Fma      , Ha^Fma      , Ms^Xm       , Ms^Xm       , Ms^Xm       , Ha          , Aa^Vla      , Gll         , Rb          , Re          , Ha          , Ha          , Ms          , Ms^Xm       
Ms^Xm       , Md          , Md          , Md          , Md          , Md          , Md          , Md          , Md          , Md          , Ms^Xm       , Ms^Xm       , Ms^Xm       , Ms^Xm       , Ms          , Ms          , Ms^Xm       , Ms^Xm       , Ms^Xm       , Ms^Xm       , Ms^Xm       , Ms^Xm       , Ms^Xm       , Ms^Xm       , Ms^Xm       , Ms          , Ms^Xm       , Ms^Xm       , Ms^Xm       , Ms^Xm       , Ms^Xm       , Ms          , Ms          , Ms          , Ms          , Ms^Xm       , Ms^Xm       , Ms^Xm       , Ms^Xm       , Ms^Xm       , Ms          , Ha          , Ha          , Aa          , Re          , Rb          , Rb          , Rb          , Re          , Ha^Fma      , Aa          , Ms^Xm       , Ms^Xm       , Ms          , Re          , Rb          , Ms^Xm       , Ha          , Ms          , Ms          , Ms^Xm       , Ms^Xm       
Md          , Md          , Md          , Md          , Md          , Md          , Md          , Md          , Md          , Md          , Ms^Xm       , Ms^Xm       , Ms^Xm       , Ms          , Ms^Xm       , Ms^Xm       , Ms^Xm       , Ms^Xm       , Ms^Xm       , Ms^Xm       , Ms^Xm       , Ms^Xm       , Ms^Xm       , Ms^Xm       , Ms^Xm       , Ms^Xm       , Ms^Xm       , Ms^Xm       , Ms^Xm       , Ms^Xm       , Ms^Xm       , Ms^Xm       , Ms          , Ms          , Ms^Xm       , Ms          , Ms          , Ms^Xm       , Ms^Xm       , Ms^Xm       , Ms          , Ha          , Ha          , Ha          , Ha          , Re          , Aa          , Re          , Re          , Re          , Rb          , Re          , Rb          , Rb          , 5 Rb        , Aa          , Ms          , Ms          , Ms^Xm       , Ms^Xm       , Ms^Xm       , Ms^Xm       
Md          , Md          , Md          , Md          , Md          , Md          , Md          , Md          , Ms^Xm       , Ms^Xm       , Ms^Xm       , Ms^Xm       , Ms^Xm       , Ms          , Ms^Xm       , Ms^Xm       , Ms^Xm       , Ms^Xm       , Ms^Xm       , Ms^Xm       , Ms^Xm       , Ms^Xm       , Ms^Xm       , Ms^Xm       , Ms^Xm       , Ms^Xm       , Ms^Xm       , Ms^Xm       , Ms^Xm       , Ms^Xm       , Ms          , Ms          , Ms^Xm       , Ms^Xm       , Ms^Xm       , Ms^Xm       , Ms^Xm       , Ms          , Ms          , Ms          , Ha          , Ha          , Ha          , Ha          , Ha          , Ha          , Ha          , Ha          , Ha          , Aa          , Ha^Vhha     , Rb          , Ha          , Aa          , Rb          , Ha          , Ha          , Ms          , Ms          , Ms^Xm       , Ms^Xm       , Ms^Xm       
Md          , Md          , Md          , Md          , Md          , Md          , Ms^Xm       , Ms^Xm       , Ms^Xm       , Ms^Xm       , Ms^Xm       , Ms^Xm       , Ms          , Ms          , Ms^Xm       , Ms^Xm       , Ms^Xm       , Ms^Xm       , Ms^Xm       , Ms^Xm       , Ms^Xm       , Ms^Xm       , Ms^Xm       , Ms^Xm       , Ms^Xm       , Ms^Xm       , Ms^Xm       , Ms^Xm       , Ms          , Ms^Xm       , Ms          , Ms^Xm       , Ms^Xm       , Ms^Xm       , Ms^Xm       , Ms^Xm       , Ms^Xm       , Ms^Xm       , Ms^Xm       , Ms          , Ms          , Ms          , Ms          , Ms          , Ms          , Ms          , Ms^Xm       , Ms^Xm       , Ms^Xm       , Ms^Xm       , Ms^Xm       , Ha          , Ha^Fma      , Aa          , Rb          , Aa          , Rb          , Ha          , Ha          , Ms          , Ms          , Ms^Xm       
Md          , Md          , Md          , Md          , Md          , Ms^Xm       , Ms^Xm       , Ms^Xm       , Ms^Xm       , Ms^Xm       , Ms^Xm       , Ms^Xm       , Ms          , Ms^Xm       , Ms^Xm       , Ms^Xm       , Ms^Xm       , Ms^Xm       , Ms^Xm       , Ms^Xm       , Ms^Xm       , Ms^Xm       , Ms^Xm       , Ms^Xm       , Ms^Xm       , Ms^Xm       , Ms          , Ms          , Ms^Xm       , Ms          , Ms^Xm       , Ms^Xm       , Ms^Xm       , Ms^Xm       , Ms^Xm       , Ms^Xm       , Ms^Xm       , Ms^Xm       , Ms^Xm       , Ms^Xm       , Ms^Xm       , Ms^Xm       , Ms^Xm       , Ms^Xm       , Ms^Xm       , Ms^Xm       , Ms^Xm       , Ms^Xm       , Ms^Xm       , Ms^Xm       , Ms^Xm       , Ms^Xm       , Ms^Xm       , Ha^Fma      , Aa          , Rb          , Aa          , Re          , Rb          , Ha          , Ha          , Ms          
